    10200000505082007MAY CONSOLIDATED                                  
    10200000808072007AUGUST CONSOLIDATED                               
    10200000402272007FEBRUARY CONSOLIDATED                             
    10200000911062007NOVEMBER CONSOLIDATED                             
    10200001711042008STATE GENERAL                                     
    10200001808052008STATE PRIMARY                                     
    10200001902262008FEBRUARY CONSOLIDATED                             
    10200002202242009FEBRUARY CONSOLIDATED                             
    10200015104292000CUSTOM                                            
    10200015209041998CUSTOM                                            
    10200015306281998CUSTOM                                            
    10200015401261999CUSTOM                                            
    10200015502241999CUSTOM                                            
    10200015609112001CUSTOM                                            
    10200015704301999CUSTOM                                            
    10200015806141998CUSTOM                                            
    10200015908231999CUSTOM                                            
    10200016008301999CUSTOM                                            
    10200016101042000CUSTOM                                            
    10200016208082000CUSTOM                                            
    10200016311072000CUSTOM                                            
    10200016403252000CUSTOM                                            
    10200016512201999CUSTOM                                            
    10200016609181999CUSTOM                                            
    10200016704061998CUSTOM                                            
