2800200ACME TOWNSHIP                      
4100240ADA TOWNSHIP                       
0600280ADAMS TOWNSHIP                     
3000300ADAMS TOWNSHIP                     
3100320ADAMS TOWNSHIP                     
6300400ADDISON TOWNSHIP                   
4600440ADRIAN CITY                        
4600460ADRIAN TOWNSHIP                    
5400500AETNA TOWNSHIP                     
5700520AETNA TOWNSHIP                     
7900720AKRON TOWNSHIP                     
3500760ALABASTER TOWNSHIP                 
3300800ALAIEDON TOWNSHIP                  
3900840ALAMO TOWNSHIP                     
7300920ALBEE TOWNSHIP                     
6000940ALBERT TOWNSHIP                    
1300980ALBION CITY                        
1301000ALBION TOWNSHIP                    
0101040ALCONA TOWNSHIP                    
1201120ALGANSEE TOWNSHIP                  
4101160ALGOMA TOWNSHIP                    
7401180ALGONAC CITY                       
0301260ALLEGAN CITY                       
0301280ALLEGAN TOWNSHIP                   
3001320ALLEN TOWNSHIP                     
